   è;*a™Y   user1   hello   è;*a™Y   user2   world